
> bazi-next@0.1.0 test
> tsx --test tests/*.test.ts

✔ recomputeAnalysisChartPayload reproduces the server-side chart from birth info (79.0593ms)
✔ parseAnalyzeRequestBody rejects malformed nested chart payloads (1.085ms)
✔ server-side validation accepts a genuine computed chart payload (22.4734ms)
✔ server-side validation rejects forged computed chart payloads (17.4095ms)
✔ server-side recomputation rejects invalid timezone birth info (2.0302ms)
✔ analyze route accepts a genuine payload and uses the server-validated chart in the prompt (62.0895ms)
✔ analyze route rejects forged computed charts before calling OpenAI (17.2851ms)
✔ oracle truth / oracle-day-calendar-2000-01-07 (61.4184ms)
✔ oracle truth / oracle-day-calendar-2000-01-08 (8.1784ms)
﹣ oracle fixture pending / pending-full-chart-1990-06-15-1030-bangkok (0.1822ms) # Needs an authoritative calculator or published chart that explicitly states timezone handling and hour pillar rules.
✔ oracle truth / consecutive oracle days advance by one sexagenary step (18.0451ms)
✔ engine snapshot / basic-case-1 (75.9068ms)
✔ engine snapshot / basic-case-2 (15.7386ms)
✔ engine snapshot / basic-case-3 (8.9806ms)
✔ engine snapshot / Li Chun probes preserve the current year-month cutoff behavior (21.306ms)
✔ engine snapshot / Zi hour still straddles midnight (29.7197ms)
✔ engine snapshot / timezone changes alter UTC instant and hour branch near a boundary (26.822ms)
✔ engine snapshot / leap day remains structurally valid (9.1421ms)
✔ engine snapshot / 午 hidden stems include 丁 and 己 (0.3724ms)
✔ engine snapshot / result metadata stays internally coherent (8.5687ms)
✔ engine snapshot / stress probes still return a chart (21.0894ms)
✔ aggregation / structureCounts total equals visible stems plus all hidden stems (8.4319ms)
✔ aggregation / tenGodsCount total excludes day master visible stem (8.1291ms)
✔ aggregation / structureCounts total is exactly 1 more than tenGodsCount total (7.7645ms)
✔ aggregation / per-structure counts match manual derivation for reference chart (7.7044ms)
✔ aggregation / per-god counts match manual derivation for reference chart (7.854ms)
✔ aggregation / branch with 3 hidden stems contributes more counts than branch with 1 (0.2557ms)
✔ aggregation / unknown-time mode uses 3 pillars and produces smaller totals (8.4434ms)
✔ aggregation / elementToStructure throws on unrecognised element input (0.8043ms)
✔ timezone conversion round-trips the entered local clock time for a normal case (71.9222ms)
✔ DST births keep display time separate from the internal standard-time surrogate (14.0462ms)
✔ invalid IANA timezones are rejected instead of falling back to UTC (1.1767ms)
✔ nonexistent spring-forward local times are rejected (7.5797ms)
✔ ambiguous fall-back local times are rejected (7.4269ms)
✔ unknown-time fallback preserves the civil birth date in western timezones (20.6501ms)
✔ 子 hidden stem and main qi map to 癸 (0.3321ms)
✔ derived chart values use the corrected 子 hidden stem (18.3866ms)
✔ year pillar flips at the Li Chun boundary after true-solar-time correction (16.4724ms)
✔ month pillar flips at the Jing Zhe boundary after true-solar-time correction (17.4164ms)
✔ local display date survives UTC year rollover in far-east timezones (10.9836ms)
✔ local display date survives UTC month rollover in eastern timezones (7.7208ms)
✔ BRANCH_HIDDEN_STEMS covers all 12 branches with correct canonical order (0.4306ms)
✔ getBranchMainStem derives from BRANCH_HIDDEN_STEMS[i][0] for all 12 branches (0.2355ms)
✔ legacy gender:"male" normalises to genderIdentity:male + calculationMode:male (2.4126ms)
✔ legacy gender:"female" normalises to genderIdentity:female + calculationMode:female (0.2948ms)
✔ legacy gender field is accepted by normalizeAnalysisFormDraft (0.4517ms)
✔ legacy gender draft produces the same finalised payload as explicit new fields (6.6456ms)
✔ non_binary without calculationMode does not finalise (0.3012ms)
✔ non_binary with calculationMode:male finalises successfully (0.2531ms)
✔ non_binary with calculationMode:female finalises successfully (0.2513ms)
✔ normalizeGenderDraft with non_binary leaves calculationMode empty when not supplied (0.2204ms)
✔ prefer_not_to_say without calculationMode does not finalise (0.242ms)
✔ prefer_not_to_say with explicit calculationMode finalises (2.068ms)
✔ other without calculationMode does not finalise (0.2202ms)
✔ other with free-text and calculationMode finalises and preserves trimmed text (0.1861ms)
✔ other with empty free-text still finalises (0.204ms)
✔ genderOtherText is cleared for non-other identities on finalisation (0.1857ms)
✔ formatGenderIdentity renders other with custom text (0.2873ms)
✔ formatCalculationGenderMode returns enriched strings for AI prompts (0.4367ms)
✔ formatCalculationGenderModeDisplay returns inclusive Yang/Yin labels for the UI (0.2265ms)
✔ non_binary with calculationMode:male produces same Da Yun as male identity (65.4992ms)
✔ non_binary with calculationMode:female produces same Da Yun as female identity (16.6372ms)
✔ calculationMode:male and calculationMode:female produce different Da Yun directions for a Yang year stem (17.8827ms)
✔ calculationMode is stored on the DaYun result for transparency (8.8558ms)
✔ pillar output is identical for a legacy male user and a new male user (18.586ms)
✔ pillar output is identical for a legacy female user and a new female user (18.2502ms)
✔ isGenderIdentity accepts all valid values and rejects unknown strings (0.3835ms)
✔ isCalculationGenderMode only accepts binary values (0.1706ms)
✔ hourly scoring API rejects unauthenticated requests (5.9315ms)
✔ hourly scoring API returns null scoring when no saved profile exists (0.9584ms)
✔ hourly scoring API computes fresh scoring from the saved profile (117.5317ms)
✔ Day Master strength classification returns weak, balanced, and strong (2.3021ms)
✔ favorable and unfavorable element derivation matches the agreed rule (2.1601ms)
✔ strong clash is handled separately from unfavorable scoring (0.4461ms)
✔ usefulGod is the first favorable element (0.2977ms)
✔ score formula behaves exactly as specified (0.3019ms)
✔ category mapping contributes correctly to each life area (0.4469ms)
✔ today-only scoring returns 12 slots and includes extreme slot selection (140.3859ms)
✔ computed slot category contributions are consistent with Ten God mapping (76.0697ms)
✔ unknownTime birth profile still computes hourly scoring without throwing (90.3022ms)
✔ fresh calculation is performed from saved profile and current date reference (150.4231ms)
✔ legacy compatibility routes redirect to the main calculator (2.7775ms)
✔ profile GET rejects unauthenticated requests (4.8876ms)
✔ profile GET returns null when no saved profile exists (0.5913ms)
✔ profile POST rejects invalid payloads (1.0687ms)
✔ profile POST saves and returns the profile for authenticated members (3.6026ms)
✔ solar term oracle / exact timestamps stay within 1 minute of published values (1.6626ms)
✔ solar term oracle / Li Chun boundary flips year and month pillars at the published minute (0.9295ms)
✔ solar term oracle / 2024-jing-zhe flips the month pillar at the published minute (0.3472ms)
✔ solar term oracle / 2024-qing-ming flips the month pillar at the published minute (0.2619ms)
✔ solar term oracle / 2024-li-xia flips the month pillar at the published minute (0.9686ms)
ℹ tests 91
ℹ suites 0
ℹ pass 90
ℹ fail 0
ℹ cancelled 0
ℹ skipped 1
ℹ todo 0
ℹ duration_ms 1780.9204
